[    0.000000] Initializing cgroup subsys cpuset
[    0.000000] Initializing cgroup subsys cpu
[    0.000000] Initializing cgroup subsys cpuacct
[    0.000000] Linux version 4.4.0-184-generic (buildd@lgw01-amd64-060) (gcc version 5.4.0 20160609 (Ubuntu 5.4.0-6ubuntu1~16.04.12) ) #214-Ubuntu SMP Thu Jun 4 10:14:11 UTC 2020 (Ubuntu 4.4.0-184.214-generic 4.4.223)
[    0.000000] Command line: BOOT_IMAGE=/boot/vmlinuz-4.4.0-184-generic root=LABEL=cloudimg-rootfs ro console=tty1 console=ttyS0
[    0.000000] KERNEL supported cpus:
[    0.000000]   Intel GenuineIntel
[    0.000000]   AMD AuthenticAMD
[    0.000000]   Centaur CentaurHauls
[    0.000000] x86/fpu: xstate_offset[2]:  576, xstate_sizes[2]:  256
[    0.000000] x86/fpu: Supporting XSAVE feature 0x01: 'x87 floating point registers'
[    0.000000] x86/fpu: Supporting XSAVE feature 0x02: 'SSE registers'
[    0.000000] x86/fpu: Supporting XSAVE feature 0x04: 'AVX registers'
[    0.000000] x86/fpu: Enabled xstate features 0x7, context size is 832 bytes, using 'standard' format.
[    0.000000] e820: BIOS-provided physical RAM map:
[    0.000000] BIOS-e820: [mem 0x0000000000000000-0x000000000009fbff] usable
[    0.000000] BIOS-e820: [mem 0x000000000009fc00-0x000000000009ffff] reserved
[    0.000000] BIOS-e820: [mem 0x00000000000f0000-0x00000000000fffff] reserved
[    0.000000] BIOS-e820: [mem 0x0000000000100000-0x000000003ffeffff] usable
[    0.000000] BIOS-e820: [mem 0x000000003fff0000-0x000000003fffffff] ACPI data
[    0.000000] BIOS-e820: [mem 0x00000000fec00000-0x00000000fec00fff] reserved
[    0.000000] BIOS-e820: [mem 0x00000000fee00000-0x00000000fee00fff] reserved
[    0.000000] BIOS-e820: [mem 0x00000000fffc0000-0x00000000ffffffff] reserved
[    0.000000] NX (Execute Disable) protection: active
[    0.000000] SMBIOS 2.5 present.
[    0.000000] Hypervisor detected: KVM
[    0.000000] e820: last_pfn = 0x3fff0 max_arch_pfn = 0x400000000
[    0.000000] MTRR: Disabled
[    0.000000] x86/PAT: MTRRs disabled, skipping PAT initialization too.
[    0.000000] CPU MTRRs all blank - virtualized system.
[    0.000000] x86/PAT: Configuration [0-7]: WB  WT  UC- UC  WB  WT  UC- UC  
[    0.000000] found SMP MP-table at [mem 0x0009fff0-0x0009ffff] mapped at [ffff88000009fff0]
[    0.000000] Scanning 1 areas for low memory corruption
[    0.000000] RAMDISK: [mem 0x362de000-0x37166fff]
[    0.000000] ACPI: Early table checksum verification disabled
[    0.000000] ACPI: RSDP 0x00000000000E0000 000024 (v02 VBOX  )
[    0.000000] ACPI: XSDT 0x000000003FFF0030 00003C (v01 VBOX   VBOXXSDT 00000001 ASL  00000061)
[    0.000000] ACPI: FACP 0x000000003FFF00F0 0000F4 (v04 VBOX   VBOXFACP 00000001 ASL  00000061)
[    0.000000] ACPI: DSDT 0x000000003FFF0470 002325 (v02 VBOX   VBOXBIOS 00000002 INTL 20100528)
[    0.000000] ACPI: FACS 0x000000003FFF0200 000040
[    0.000000] ACPI: FACS 0x000000003FFF0200 000040
[    0.000000] ACPI: APIC 0x000000003FFF0240 00005C (v02 VBOX   VBOXAPIC 00000001 ASL  00000061)
[    0.000000] ACPI: SSDT 0x000000003FFF02A0 0001CC (v01 VBOX   VBOXCPUT 00000002 INTL 20100528)
[    0.000000] No NUMA configuration found
[    0.000000] Faking a node at [mem 0x0000000000000000-0x000000003ffeffff]
[    0.000000] NODE_DATA(0) allocated [mem 0x3ffeb000-0x3ffeffff]
[    0.000000] kvm-clock: Using msrs 4b564d01 and 4b564d00
[    0.000000] kvm-clock: cpu 0, msr 0:3ffe3001, primary cpu clock
[    0.000000] kvm-clock: using sched offset of 3524594509 cycles
[    0.000000] clocksource: kvm-clock: mask: 0xffffffffffffffff max_cycles: 0x1cd42e4dffb, max_idle_ns: 881590591483 ns
[    0.000000] Zone ranges:
[    0.000000]   DMA      [mem 0x0000000000001000-0x0000000000ffffff]
[    0.000000]   DMA32    [mem 0x0000000001000000-0x000000003ffeffff]
[    0.000000]   Normal   empty
[    0.000000]   Device   empty
[    0.000000] Movable zone start for each node
[    0.000000] Early memory node ranges
[    0.000000]   node   0: [mem 0x0000000000001000-0x000000000009efff]
[    0.000000]   node   0: [mem 0x0000000000100000-0x000000003ffeffff]
[    0.000000] Initmem setup node 0 [mem 0x0000000000001000-0x000000003ffeffff]
[    0.000000] ACPI: PM-Timer IO Port: 0x4008
[    0.000000] IOAPIC[0]: apic_id 2, version 32, address 0xfec00000, GSI 0-23
[    0.000000] ACPI: INT_SRC_OVR (bus 0 bus_irq 0 global_irq 2 dfl dfl)
[    0.000000] ACPI: INT_SRC_OVR (bus 0 bus_irq 9 global_irq 9 low level)
[    0.000000] Using ACPI (MADT) for SMP configuration information
[    0.000000] smpboot: Allowing 2 CPUs, 0 hotplug CPUs
[    0.000000] PM: Registered nosave memory: [mem 0x00000000-0x00000fff]
[    0.000000] PM: Registered nosave memory: [mem 0x0009f000-0x0009ffff]
[    0.000000] PM: Registered nosave memory: [mem 0x000a0000-0x000effff]
[    0.000000] PM: Registered nosave memory: [mem 0x000f0000-0x000fffff]
[    0.000000] e820: [mem 0x40000000-0xfebfffff] available for PCI devices
[    0.000000] Booting paravirtualized kernel on KVM
[    0.000000] clocksource: refined-jiffies: mask: 0xffffffff max_cycles: 0xffffffff, max_idle_ns: 7645519600211568 ns
[    0.000000] setup_percpu: NR_CPUS:512 nr_cpumask_bits:512 nr_cpu_ids:2 nr_node_ids:1
[    0.000000] PERCPU: Embedded 33 pages/cpu @ffff88003fc00000 s95448 r8192 d31528 u1048576
[    0.000000] Built 1 zonelists in Node order, mobility grouping on.  Total pages: 257912
[    0.000000] Policy zone: DMA32
[    0.000000] Kernel command line: BOOT_IMAGE=/boot/vmlinuz-4.4.0-184-generic root=LABEL=cloudimg-rootfs ro console=tty1 console=ttyS0
[    0.000000] PID hash table entries: 4096 (order: 3, 32768 bytes)
[    0.000000] Memory: 997664K/1048120K available (8632K kernel code, 1336K rwdata, 4036K rodata, 1492K init, 1292K bss, 50456K reserved, 0K cma-reserved)
[    0.000000] SLUB: HWalign=64, Order=0-3, MinObjects=0, CPUs=2, Nodes=1
[    0.000000] Kernel/User page tables isolation: enabled
[    0.000000] Hierarchical RCU implementation.
[    0.000000] 	Build-time adjustment of leaf fanout to 64.
[    0.000000] 	RCU restricting CPUs from NR_CPUS=512 to nr_cpu_ids=2.
[    0.000000] RCU: Adjusting geometry for rcu_fanout_leaf=64, nr_cpu_ids=2
[    0.000000] NR_IRQS:33024 nr_irqs:440 16
[    0.000000] Console: colour VGA+ 80x25
[    0.000000] console [tty1] enabled
[    0.000000] console [ttyS0] enabled
[    0.000000] tsc: Detected 1800.001 MHz processor
[    0.174271] Calibrating delay loop (skipped) preset value.. 3600.00 BogoMIPS (lpj=7200004)
[    0.176531] pid_max: default: 32768 minimum: 301
[    0.178298] ACPI: Core revision 20150930
[    0.181014] ACPI: 2 ACPI AML tables successfully acquired and loaded
[    0.182635] Security Framework initialized
[    0.183770] Yama: becoming mindful.
[    0.184804] AppArmor: AppArmor initialized
[    0.185995] Dentry cache hash table entries: 131072 (order: 8, 1048576 bytes)
[    0.190797] Inode-cache hash table entries: 65536 (order: 7, 524288 bytes)
[    0.192838] Mount-cache hash table entries: 2048 (order: 2, 16384 bytes)
[    0.194359] Mountpoint-cache hash table entries: 2048 (order: 2, 16384 bytes)
[    0.195998] Initializing cgroup subsys io
[    0.197027] Initializing cgroup subsys memory
[    0.198177] Initializing cgroup subsys devices
[    0.199278] Initializing cgroup subsys freezer
[    0.200802] Initializing cgroup subsys net_cls
[    0.202037] Initializing cgroup subsys perf_event
[    0.203146] Initializing cgroup subsys net_prio
[    0.204237] Initializing cgroup subsys hugetlb
[    0.205376] Initializing cgroup subsys pids
[    0.207567] mce: CPU supports 0 MCE banks
[    0.208628] Last level iTLB entries: 4KB 64, 2MB 8, 4MB 8
[    0.209842] Last level dTLB entries: 4KB 64, 2MB 0, 4MB 0, 1GB 4
[    0.211229] Spectre V1 : Mitigation: usercopy/swapgs barriers and __user pointer sanitization
[    0.213355] Spectre V2 : Mitigation: Full generic retpoline
[    0.214658] Spectre V2 : Spectre v2 / SpectreRSB mitigation: Filling RSB on context switch
[    0.216602] Speculative Store Bypass: Vulnerable
[    0.217809] SRBDS: Unknown: Dependent on hypervisor status
[    0.219193] MDS: Vulnerable: Clear CPU buffers attempted, no microcode
[    0.223772] Freeing SMP alternatives memory: 36K
[    0.231676] ftrace: allocating 32319 entries in 127 pages
[    0.301290] smpboot: APIC(0) Converting physical 0 to logical package 0
[    0.302791] smpboot: Max logical packages: 1
[    0.304318] x2apic enabled
[    0.305546] Switched APIC routing to physical x2apic.
[    0.308692] ..TIMER: vector=0x30 apic1=0 pin1=2 apic2=-1 pin2=-1
[    0.418505] smpboot: CPU0: Intel(R) Core(TM) i5-8250U CPU @ 1.60GHz (family: 0x6, model: 0x8e, stepping: 0xa)
[    0.421205] Performance Events: unsupported p6 CPU model 142 no PMU driver, software events only.
[    0.435569] KVM setup paravirtual spinlock
[    0.437357] x86: Booting SMP configuration:
[    0.438423] .... node  #0, CPUs:      #1
[    0.439694] kvm-clock: cpu 1, msr 0:3ffe3041, secondary cpu clock
[    0.442425] mce: CPU supports 0 MCE banks
[    0.445045] x86: Booted up 1 node, 2 CPUs
[    0.446618] smpboot: Total of 2 processors activated (7200.00 BogoMIPS)
[    0.448661] devtmpfs: initialized
[    0.451311] evm: security.selinux
[    0.452244] evm: security.SMACK64
[    0.453152] evm: security.SMACK64EXEC
[    0.454246] evm: security.SMACK64TRANSMUTE
[    0.455365] evm: security.SMACK64MMAP
[    0.456311] evm: security.ima
[    0.457170] evm: security.capability
[    0.458447] clocksource: jiffies: mask: 0xffffffff max_cycles: 0xffffffff, max_idle_ns: 7645041785100000 ns
[    0.460712] futex hash table entries: 512 (order: 3, 32768 bytes)
[    0.462347] pinctrl core: initialized pinctrl subsystem
[    0.463732] RTC time: 15:48:09, date: 07/02/20
[    0.465169] NET: Registered protocol family 16
[    0.477130] cpuidle: using governor ladder
[    0.491752] cpuidle: using governor menu
[    0.492903] PCCT header not found.
[    0.493963] ACPI: bus type PCI registered
[    0.495080] acpiphp: ACPI Hot Plug PCI Controller Driver version: 0.5
[    0.496627] PCI: Using configuration type 1 for base access
[    0.513208] ACPI: Added _OSI(Module Device)
[    0.514400] ACPI: Added _OSI(Processor Device)
[    0.515536] ACPI: Added _OSI(3.0 _SCP Extensions)
[    0.516658] ACPI: Added _OSI(Processor Aggregator Device)
[    0.518838] ACPI: Executed 1 blocks of module-level executable AML code
[    0.522896] ACPI: Interpreter enabled
[    0.524027] ACPI: (supports S0 S5)
[    0.524999] ACPI: Using IOAPIC for interrupt routing
[    0.526387] PCI: Using host bridge windows from ACPI; if necessary, use "pci=nocrs" and report a bug
[    0.532697] ACPI: PCI Root Bridge [PCI0] (domain 0000 [bus 00-ff])
[    0.534282] acpi PNP0A03:00: _OSC: OS supports [ASPM ClockPM Segments MSI]
[    0.536249] acpi PNP0A03:00: _OSC: not requesting OS control; OS requires [ExtendedConfig ASPM ClockPM MSI]
[    0.539390] acpi PNP0A03:00: fail to add MMCONFIG information, can't access extended PCI configuration space under this bridge.
[    0.542435] PCI host bridge to bus 0000:00
[    0.543488] pci_bus 0000:00: root bus resource [io  0x0000-0x0cf7 window]
[    0.544936] pci_bus 0000:00: root bus resource [io  0x0d00-0xffff window]
[    0.546365] pci_bus 0000:00: root bus resource [mem 0x000a0000-0x000bffff window]
[    0.548253] pci_bus 0000:00: root bus resource [mem 0x40000000-0xfdffffff window]
[    0.550142] pci_bus 0000:00: root bus resource [bus 00-ff]
[    0.553356] pci 0000:00:01.1: legacy IDE quirk: reg 0x10: [io  0x01f0-0x01f7]
[    0.554993] pci 0000:00:01.1: legacy IDE quirk: reg 0x14: [io  0x03f6]
[    0.556418] pci 0000:00:01.1: legacy IDE quirk: reg 0x18: [io  0x0170-0x0177]
[    0.571484] pci 0000:00:01.1: legacy IDE quirk: reg 0x1c: [io  0x0376]
[    0.591120] pci 0000:00:07.0: quirk: [io  0x4000-0x403f] claimed by PIIX4 ACPI
[    0.592968] pci 0000:00:07.0: quirk: [io  0x4100-0x410f] claimed by PIIX4 SMB
[    0.604326] ACPI: PCI Interrupt Link [LNKA] (IRQs 5 9 10 *11)
[    0.606740] ACPI: PCI Interrupt Link [LNKB] (IRQs 5 9 *10 11)
[    0.608975] ACPI: PCI Interrupt Link [LNKC] (IRQs 5 *9 10 11)
[    0.611004] ACPI: PCI Interrupt Link [LNKD] (IRQs 5 9 10 *11)
[    0.613269] ACPI: Enabled 2 GPEs in block 00 to 07
[    0.615189] vgaarb: setting as boot device: PCI:0000:00:02.0
[    0.616456] vgaarb: device added: PCI:0000:00:02.0,decodes=io+mem,owns=io+mem,locks=none
[    0.618515] vgaarb: loaded
[    0.619397] vgaarb: bridge control possible 0000:00:02.0
[    0.620921] SCSI subsystem initialized
[    0.622090] ACPI: bus type USB registered
[    0.623224] usbcore: registered new interface driver usbfs
[    0.624584] usbcore: registered new interface driver hub
[    0.625880] usbcore: registered new device driver usb
[    0.627441] PCI: Using ACPI for IRQ routing
[    0.631778] NetLabel: Initializing
[    0.632743] NetLabel:  domain hash size = 128
[    0.633822] NetLabel:  protocols = UNLABELED CIPSOv4
[    0.635022] NetLabel:  unlabeled traffic allowed by default
[    0.636679] amd_nb: Cannot enumerate AMD northbridges
[    0.637984] clocksource: Switched to clocksource kvm-clock
[    0.650635] AppArmor: AppArmor Filesystem Enabled
[    0.651885] pnp: PnP ACPI init
[    0.653980] pnp: PnP ACPI: found 3 devices
[    0.666702] clocksource: acpi_pm: mask: 0xffffff max_cycles: 0xffffff, max_idle_ns: 2085701024 ns
[    0.668782] NET: Registered protocol family 2
[    0.670018] TCP established hash table entries: 8192 (order: 4, 65536 bytes)
[    0.671672] TCP bind hash table entries: 8192 (order: 5, 131072 bytes)
[    0.673173] TCP: Hash tables configured (established 8192 bind 8192)
[    0.674849] UDP hash table entries: 512 (order: 2, 16384 bytes)
[    0.676153] UDP-Lite hash table entries: 512 (order: 2, 16384 bytes)
[    0.677709] NET: Registered protocol family 1
[    0.678869] pci 0000:00:00.0: Limiting direct PCI/PCI transfers
[    0.680196] pci 0000:00:01.0: Activating ISA DMA hang workarounds
[    0.681670] Unpacking initramfs...
[    0.922046] Freeing initrd memory: 14884K
[    0.923376] clocksource: tsc: mask: 0xffffffffffffffff max_cycles: 0x19f22aa45f0, max_idle_ns: 440795269146 ns
[    0.925762] platform rtc_cmos: registered platform RTC device (no PNP device found)
[    0.927756] Scanning for low memory corruption every 60 seconds
[    0.929761] audit: initializing netlink subsys (disabled)
[    0.931120] audit: type=2000 audit(1593704894.968:1): initialized
[    0.932703] Initialise system trusted keyring
[    0.934030] HugeTLB registered 2 MB page size, pre-allocated 0 pages
[    0.936633] zbud: loaded
[    0.937745] VFS: Disk quotas dquot_6.6.0
[    0.939465] VFS: Dquot-cache hash table entries: 512 (order 0, 4096 bytes)
[    0.941308] squashfs: version 4.0 (2009/01/31) Phillip Lougher
[    0.943474] fuse init (API version 7.23)
[    0.945259] Key type big_key registered
[    0.946233] Allocating IMA MOK and blacklist keyrings.
[    0.948823] Key type asymmetric registered
[    0.949801] Asymmetric key parser 'x509' registered
[    0.951032] Block layer SCSI generic (bsg) driver version 0.4 loaded (major 249)
[    0.952914] io scheduler noop registered
[    0.953917] io scheduler deadline registered (default)
[    0.955139] io scheduler cfq registered
[    0.956243] pci_hotplug: PCI Hot Plug PCI Core version: 0.5
[    0.957644] pciehp: PCI Express Hot Plug Controller Driver version: 0.4
[    0.960479] ACPI: AC Adapter [AC] (on-line)
[    0.961752] input: Power Button as /devices/LNXSYSTM:00/LNXPWRBN:00/input/input0
[    0.963660] ACPI: Power Button [PWRF]
[    0.964737] input: Sleep Button as /devices/LNXSYSTM:00/LNXSLPBN:00/input/input1
[    0.966515] ACPI: Sleep Button [SLPF]
[    0.967715] GHES: HEST is not enabled!
[    0.968394] ACPI: Battery Slot [BAT0] (battery present)
[    0.970087] Serial: 8250/16550 driver, 32 ports, IRQ sharing enabled
[    0.992277] 00:02: ttyS0 at I/O 0x3f8 (irq = 4, base_baud = 115200) is a 16550A
[    0.997318] Linux agpgart interface v0.103
[    1.000374] loop: module loaded
[    1.001870] scsi host0: ata_piix
[    1.002995] scsi host1: ata_piix
[    1.003892] ata1: PATA max UDMA/33 cmd 0x1f0 ctl 0x3f6 bmdma 0xd000 irq 14
[    1.005366] ata2: PATA max UDMA/33 cmd 0x170 ctl 0x376 bmdma 0xd008 irq 15
[    1.007039] libphy: Fixed MDIO Bus: probed
[    1.009233] tun: Universal TUN/TAP device driver, 1.6
[    1.010368] tun: (C) 1999-2004 Max Krasnyansky <maxk@qualcomm.com>
[    1.011838] PPP generic driver version 2.4.2
[    1.012950] ehci_hcd: USB 2.0 'Enhanced' Host Controller (EHCI) Driver
[    1.014500] ehci-pci: EHCI PCI platform driver
[    1.015617] ehci-platform: EHCI generic platform driver
[    1.016800] ohci_hcd: USB 1.1 'Open' Host Controller (OHCI) Driver
[    1.018171] ohci-pci: OHCI PCI platform driver
[    1.019302] ohci-platform: OHCI generic platform driver
[    1.020485] uhci_hcd: USB Universal Host Controller Interface driver
[    1.021925] i8042: PNP: PS/2 Controller [PNP0303:PS2K,PNP0f03:PS2M] at 0x60,0x64 irq 1,12
[    1.024560] serio: i8042 KBD port at 0x60,0x64 irq 1
[    1.025705] serio: i8042 AUX port at 0x60,0x64 irq 12
[    1.027206] mousedev: PS/2 mouse device common for all mice
[    1.028916] input: AT Translated Set 2 keyboard as /devices/platform/i8042/serio0/input/input2
[    1.031378] rtc_cmos rtc_cmos: rtc core: registered rtc_cmos as rtc0
[    1.032822] rtc_cmos rtc_cmos: alarms up to one day, 114 bytes nvram
[    1.034178] i2c /dev entries driver
[    1.035161] device-mapper: uevent: version 1.0.3
[    1.036404] device-mapper: ioctl: 4.34.0-ioctl (2015-10-28) initialised: dm-devel@redhat.com
[    1.038377] ledtrig-cpu: registered to indicate activity on CPUs
[    1.040217] NET: Registered protocol family 10
[    1.041700] NET: Registered protocol family 17
[    1.042869] Key type dns_resolver registered
[    1.045129] registered taskstats version 1
[    1.046565] Loading compiled-in X.509 certificates
[    1.048893] Loaded X.509 cert 'Build time autogenerated kernel key: b6ae09eed57f82583ccd3c65c463e852cdd7a0b5'
[    1.052245] zswap: loaded using pool lzo/zbud
[    1.055966] Key type trusted registered
[    1.061552] Key type encrypted registered
[    1.062956] AppArmor: AppArmor sha1 policy hashing enabled
[    1.064592] ima: No TPM chip found, activating TPM-bypass!
[    1.066256] ima: Allocated hash algorithm: sha1
[    1.067801] evm: HMAC attrs: 0x1
[    1.069433]   Magic number: 12:533:840
[    1.070893] rtc_cmos rtc_cmos: setting system clock to 2020-07-02 15:48:10 UTC (1593704890)
[    1.073692] BIOS EDD facility v0.16 2004-Jun-25, 0 devices found
[    1.087286] EDD information not available.
[    1.192505] Freeing unused kernel memory: 1492K
[    1.193937] Write protecting the kernel read-only data: 14336k
[    1.196079] Freeing unused kernel memory: 1596K
[    1.197628] Freeing unused kernel memory: 60K
Loading, please wait...
starting version 229
[    1.212657] random: systemd-udevd: uninitialized urandom read (16 bytes read, 3 bits of entropy available)
[    1.213273] random: udevadm: uninitialized urandom read (16 bytes read, 3 bits of entropy available)
[    1.213294] random: udevadm: uninitialized urandom read (16 bytes read, 3 bits of entropy available)
[    1.219156] random: systemd-udevd: uninitialized urandom read (16 bytes read, 3 bits of entropy available)
[    1.221469] random: systemd-udevd: uninitialized urandom read (16 bytes read, 3 bits of entropy available)
[    1.221865] random: udevadm: uninitialized urandom read (16 bytes read, 3 bits of entropy available)
[    1.221907] random: udevadm: uninitialized urandom read (16 bytes read, 3 bits of entropy available)
[    1.222139] random: udevadm: uninitialized urandom read (16 bytes read, 3 bits of entropy available)
[    1.222205] random: udevadm: uninitialized urandom read (16 bytes read, 3 bits of entropy available)
[    1.222285] random: udevadm: uninitialized urandom read (16 bytes read, 3 bits of entropy available)
[    1.271182] e1000: Intel(R) PRO/1000 Network Driver - version 7.3.21-k8-NAPI
[    1.272748] e1000: Copyright (c) 1999-2006 Intel Corporation.
[    1.276312] Fusion MPT base driver 3.04.20
[    1.277364] Copyright (c) 1999-2008 LSI Corporation
[    1.294421] AVX2 version of gcm_enc/dec engaged.
[    1.295705] AES CTR mode by8 optimization enabled
[    1.301045] Fusion MPT SPI Host driver 3.04.20
[    1.476045] input: ImExPS/2 Generic Explorer Mouse as /devices/platform/i8042/serio1/input/input4
[    1.667413] e1000 0000:00:03.0 eth0: (PCI:33MHz:32-bit) 02:89:fa:04:16:8f
[    1.669072] e1000 0000:00:03.0 eth0: Intel(R) PRO/1000 Network Connection
[    1.671468] mptbase: ioc0: Initiating bringup
[    1.734367] ioc0: LSI53C1030 A0: Capabilities={Initiator}
[    1.898968] scsi host2: ioc0: LSI53C1030 A0, FwRev=00000000h, Ports=1, MaxQ=256, IRQ=20
[    2.020173] scsi 2:0:0:0: Direct-Access     VBOX     HARDDISK         1.0  PQ: 0 ANSI: 5
[    2.022319] scsi target2:0:0: Beginning Domain Validation
[    2.026444] scsi target2:0:0: Domain Validation skipping write tests
[    2.027963] scsi target2:0:0: Ending Domain Validation
[    2.029254] scsi target2:0:0: asynchronous
[    2.030915] scsi 2:0:1:0: Direct-Access     VBOX     HARDDISK         1.0  PQ: 0 ANSI: 5
[    2.032844] scsi target2:0:1: Beginning Domain Validation
[    2.036450] scsi target2:0:1: Domain Validation skipping write tests
[    2.037867] scsi target2:0:1: Ending Domain Validation
[    2.039302] scsi target2:0:1: asynchronous
[    2.066968] sd 2:0:0:0: Attached scsi generic sg0 type 0
[    2.068678] sd 2:0:1:0: Attached scsi generic sg1 type 0
[    2.070521] sd 2:0:0:0: [sda] 20971520 512-byte logical blocks: (10.7 GB/10.0 GiB)
[    2.072526] sd 2:0:1:0: [sdb] 20480 512-byte logical blocks: (10.5 MB/10.0 MiB)
[    2.074974] sd 2:0:1:0: [sdb] Write Protect is off
[    2.076246] sd 2:0:0:0: [sda] Write Protect is off
[    2.077698] sd 2:0:1:0: [sdb] Incomplete mode parameter data
[    2.079185] sd 2:0:1:0: [sdb] Assuming drive cache: write through
[    2.080736] sd 2:0:0:0: [sda] Incomplete mode parameter data
[    2.082089] sd 2:0:0:0: [sda] Assuming drive cache: write through
[    2.089313]  sda: sda1
[    2.091678] sd 2:0:0:0: [sda] Attached SCSI disk
[    2.092881] sd 2:0:1:0: [sdb] Attached SCSI disk
[    2.400232] e1000 0000:00:08.0 eth1: (PCI:33MHz:32-bit) 08:00:27:34:7c:2e
[    2.401803] e1000 0000:00:08.0 eth1: Intel(R) PRO/1000 Network Connection
[    2.404430] e1000 0000:00:03.0 enp0s3: renamed from eth0
[    2.415947] e1000 0000:00:08.0 enp0s8: renamed from eth1
Begin: Loading essential drivers ... [    3.920243] md: linear personality registered for level -1
[    3.924194] md: multipath personality registered for level -4
[    3.931373] md: raid0 personality registered for level 0
[    3.936186] md: raid1 personality registered for level 1
[    4.006429] raid6: sse2x1   gen() 10566 MB/s
[    4.074335] raid6: sse2x1   xor()  8554 MB/s
[    4.142035] raid6: sse2x2   gen() 13865 MB/s
[    4.210404] raid6: sse2x2   xor()  9803 MB/s
[    4.278306] raid6: sse2x4   gen() 15260 MB/s
[    4.346334] raid6: sse2x4   xor()  9419 MB/s
[    4.414454] raid6: avx2x1   gen() 21632 MB/s
[    4.482390] raid6: avx2x2   gen() 22337 MB/s
[    4.550375] raid6: avx2x4   gen() 27293 MB/s
[    4.551524] raid6: using algorithm avx2x4 gen() 27293 MB/s
[    4.552785] raid6: using avx2x2 recovery algorithm
[    4.555369] xor: automatically using best checksumming function:
[    4.594164]    avx       : 23509.000 MB/sec
[    4.596439] async_tx: api initialized (async)
[    4.607859] md: raid6 personality registered for level 6
[    4.609712] md: raid5 personality registered for level 5
[    4.611379] md: raid4 personality registered for level 4
[    4.619247] md: raid10 personality registered for level 10
done.
Begin: Running /scripts/init-premount ... done.
Begin: Mounting root file system ... Begin: Running /scripts/local-top ... done.
Begin: Running /scripts/local-premount ... [    4.652441] Btrfs loaded
Scanning for Btrfs filesystems
done.
Warning: fsck not present, so skipping root file system
[    4.687167] EXT4-fs (sda1): mounted filesystem with ordered data mode. Opts: (null)
done.
Begin: Running /scripts/local-bottom ... done.
Begin: Running /scripts/init-bottom ... done.
[    4.800905] systemd[1]: systemd 229 running in system mode. (+PAM +AUDIT +SELINUX +IMA +APPARMOR +SMACK +SYSVINIT +UTMP +LIBCRYPTSETUP +GCRYPT +GNUTLS +ACL +XZ -LZ4 +SECCOMP +BLKID +ELFUTILS +KMOD -IDN)
[    4.804849] systemd[1]: Detected virtualization oracle.
[    4.806030] systemd[1]: Detected architecture x86-64.

Welcome to [1mUbuntu 16.04.6 LTS[0m!

[    4.810711] systemd[1]: Set hostname to <ubuntu>.
[    4.815522] systemd[1]: Initializing machine ID from random generator.
[    4.817002] systemd[1]: Installed transient /etc/machine-id file.
[    4.976009] systemd[1]: Started Trigger resolvconf update for networkd DNS.
[[0;32m  OK  [0m] Started Trigger resolvconf update for networkd DNS.
[    4.986892] systemd[1]: Reached target Swap.
[[0;32m  OK  [0m] Reached target Swap.
[    4.988709] systemd[1]: Reached target System Time Synchronized.
[[0;32m  OK  [0m] Reached target System Time Synchronized.
[    4.990773] systemd[1]: Reached target Encrypted Volumes.
[[0;32m  OK  [0m] Reached target Encrypted Volumes.
[    4.992931] systemd[1]: Listening on LVM2 metadata daemon socket.
[[0;32m  OK  [0m] Listening on LVM2 metadata daemon socket.
[    5.002606] systemd[1]: Listening on Journal Socket (/dev/log).
[[0;32m  OK  [0m] Listening on Journal Socket (/dev/log).
[    5.005041] systemd[1]: Created slice System Slice.
[[0;32m  OK  [0m] Created slice System Slice.
[    5.014929] systemd[1]: Created slice system-serial\x2dgetty.slice.
[[0;32m  OK  [0m] Created slice system-serial\x2dgetty.slice.
[    5.017446] systemd[1]: Started Forward Password Requests to Wall Directory Watch.
[[0;32m  OK  [0m] Started Forward Password Requests to Wall Directory Watch.
[    5.020415] systemd[1]: Listening on udev Kernel Socket.
[[0;32m  OK  [0m] Listening on udev Kernel Socket.
[    5.022516] systemd[1]: Reached target User and Group Name Lookups.
[[0;32m  OK  [0m] Reached target User and Group Name Lookups.
[    5.025477] systemd[1]: Listening on Journal Socket.
[[0;32m  OK  [0m] Listening on Journal Socket.
[    5.046812] systemd[1]: Starting Load Kernel Modules...
         Starting Load Kernel Modules...
[    5.049960] systemd[1]: Starting Remount Root and Kernel File Systems...
         Starting Remount Root and Kernel File Systems...
[    5.057483] Loading iSCSI transport class v2.0-870.
[    5.058940] EXT4-fs (sda1): re-mounted. Opts: (null)
[    5.059155] systemd[1]: Starting Uncomplicated firewall...
         Starting Uncomplicated firewall...
[    5.068782] iscsi: registered transport (tcp)
[    5.071236] systemd[1]: Mounting POSIX Message Queue File System...
         Mounting POSIX Message Queue File System...
[    5.075309] systemd[1]: Starting Create list of required static device nodes for the current kernel...
         Starting Create list of required st... nodes for the current kernel...
[    5.078733] systemd[1]: Listening on /dev/initctl Compatibility Named Pipe.
[[0;32m  OK  [0m] Listening on /dev/initctl Compatibility Named Pipe.
[    5.082939] systemd[1]: Starting Nameserver information manager...
         Starting Nameserver information manager...
[    5.086173] systemd[1]: Starting Set console keymap...
         Starting Set console keymap...
[    5.089505] systemd[1]: Mounting Huge Pages File System...
         Mounting Huge Pages File System...
[    5.092288] systemd[1]: Listening on udev Control Socket.
[[0;32m  OK  [0m] Listening on udev Control Socket.
[    5.097853] systemd[1]: Listening on Device-mapper event daemon FIFOs.
[[0;32m  OK  [0m] Listening on Device-mapper event daemon FIFOs.
[    5.115634] iscsi: registered transport (iser)
[    5.122645] systemd[1]: Starting Monitoring of LVM2 mirrors, snapshots etc. using dmeventd or progress polling...
         Starting Monitoring of LVM2 mirrors... dmeventd or progress polling...
[    5.128660] systemd[1]: Mounting Debug File System...
         Mounting Debug File System...
[    5.130668] systemd[1]: Listening on LVM2 poll daemon socket.
[[0;32m  OK  [0m] Listening on LVM2 poll daemon socket.
[    5.132965] systemd[1]: Listening on Journal Audit Socket.
[[0;32m  OK  [0m] Listening on Journal Audit Socket.
[    5.139958] systemd[1]: Listening on Syslog Socket.
[[0;32m  OK  [0m] Listening on Syslog Socket.
[    5.143353] systemd[1]: Starting Journal Service...
         Starting Journal Service...
[    5.145534] systemd[1]: Created slice User and Session Slice.
[[0;32m  OK  [0m] Created slice User and Session Slice.
[    5.148670] systemd[1]: Reached target Slices.
[[0;32m  OK  [0m] Reached target Slices.
[    5.151616] systemd[1]: Set up automount Arbitrary Executable File Formats File System Automount Point.
[[0;32m  OK  [0m] Set up automount Arbitrary Executab...ats File System Automount Point.
[    5.166842] systemd[1]: Mounted Huge Pages File System.
[[0;32m  OK  [0m] Mounted Huge Pages File System.
[    5.176530] systemd[1]: Mounted POSIX Message Queue File System.
[[0;32m  OK  [0m] Mounted POSIX Message Queue File System.
[    5.186523] systemd[1]: Mounted Debug File System.
[[0;32m  OK  [0m] Mounted Debug File System.
[    5.194901] systemd[1]: Started Journal Service.
[[0;32m  OK  [0m] Started Journal Service.
[[0;32m  OK  [0m] Started Load Kernel Modules.
[[0;32m  OK  [0m] Started Remount Root and Kernel File Systems.
[[0;32m  OK  [0m] Started Uncomplicated firewall.
[[0;32m  OK  [0m] Started Create list of required sta...ce nodes for the current kernel.
[[0;32m  OK  [0m] Started Set console keymap.
[[0;32m  OK  [0m] Started Nameserver information manager.
[[0;32m  OK  [0m] Started LVM2 metadata daemon.
         Starting Create Static Device Nodes in /dev...
         Starting Load/Save Random Seed...
         Starting udev Coldplug all Devices...
         Starting Apply Kernel Variables...
         Mounting FUSE Control File System...
         Starting Flush Journal to Persistent Storage...
[[0;32m  OK  [0m] Started Create Static Device Nodes in /dev.
[[0;32m  OK  [0m] Started Load/Save Random Seed.
[[0;32m  OK  [0m] Started Apply Kernel Variables.
[[0;32m  OK  [0m] Mounted FUSE Control File System.
         Starting udev Kernel Device Manager...
[[0;32m  OK  [0m] Started Flush Journal to Persistent Storage.
[[0;32m  OK  [0m] Started udev Coldplug all Devices.
[[0;32m  OK  [0m] Started udev Kernel Device Manager.
[[0;32m  OK  [0m] Started Dispatch Password Requests to Console Directory Watch.
[[0;32m  OK  [0m] Found device /dev/ttyS0.
[[0;32m  OK  [0m] Listening on Load/Save RF Kill Switch Status /dev/rfkill Watch.
[[0;32m  OK  [0m] Started Monitoring of LVM2 mirrors,...ng dmeventd or progress polling.
[[0;32m  OK  [0m] Reached target Local File Systems (Pre).
[[0;32m  OK  [0m] Reached target Local File Systems.
         Starting Create Volatile Files and Directories...
         Starting Initial cloud-init job (pre-networking)...
         Starting Tell Plymouth To Write Out Runtime Data...
         Starting LSB: AppArmor initialization...
         Starting Commit a transient machine-id on disk...
         Starting Set console font and keymap...
[[0;32m  OK  [0m] Started Create Volatile Files and Directories.
[[0;32m  OK  [0m] Started Tell Plymouth To Write Out Runtime Data.
         Starting Update UTMP about System Boot/Shutdown...
[[0;32m  OK  [0m] Started Update UTMP about System Boot/Shutdown.
[[0;32m  OK  [0m] Started Commit a transient machine-id on disk.
[[0;32m  OK  [0m] Started Set console font and keymap.
[[0;32m  OK  [0m] Created slice system-getty.slice.
[    7.328055] cloud-init[608]: Cloud-init v. 19.4-33-gbb4131a2-0ubuntu1~16.04.1 running 'init-local' at Thu, 02 Jul 2020 15:48:16 +0000. Up 6.67 seconds.
[[0;32m  OK  [0m] Started Initial cloud-init job (pre-networking).
[[0;32m  OK  [0m] Reached target Network (Pre).
[[0;32m  OK  [0m] Started LSB: AppArmor initialization.
         Starting Raise network interfaces...
[[0;32m  OK  [0m] Started Raise network interfaces.
[[0;32m  OK  [0m] Reached target Network.
         Starting Initial cloud-init job (metadata service crawler)...
[    9.984716] cloud-init[961]: Cloud-init v. 19.4-33-gbb4131a2-0ubuntu1~16.04.1 running 'init' at Thu, 02 Jul 2020 15:48:18 +0000. Up 9.31 seconds.
[    9.986317] cloud-init[961]: ci-info: ++++++++++++++++++++++++++++++++++++++Net device info+++++++++++++++++++++++++++++++++++++++
[    9.987656] cloud-init[961]: ci-info: +--------+-------+----------------------------+---------------+--------+-------------------+
[    9.989121] cloud-init[961]: ci-info: | Device |   Up  |          Address           |      Mask     | Scope  |     Hw-Address    |
[    9.990511] cloud-init[961]: ci-info: +--------+-------+----------------------------+---------------+--------+-------------------+
[    9.996974] cloud-init[961]: ci-info: | enp0s3 |  True |         10.0.2.15          | 255.255.255.0 | global | 02:89:fa:04:16:8f |
[   10.004786] cloud-init[961]: ci-info: | enp0s3 |  True | fe80::89:faff:fe04:168f/64 |       .       |  link  | 02:89:fa:04:16:8f |
[   10.006240] cloud-init[961]: ci-info: | enp0s8 | False |             .              |       .       |   .    | 08:00:27:34:7c:2e |
[   10.007869] cloud-init[961]: ci-info: |   lo   |  True |         127.0.0.1          |   255.0.0.0   |  host  |         .         |
[   10.009212] cloud-init[961]: ci-info: |   lo   |  True |          ::1/128           |       .       |  host  |         .         |
[   10.010520] cloud-init[961]: ci-info: +--------+-------+----------------------------+---------------+--------+-------------------+
[   10.012482] cloud-init[961]: ci-info: +++++++++++++++++++++++++++Route IPv4 info++++++++++++++++++++++++++++
[   10.020896] cloud-init[961]: ci-info: +-------+-------------+----------+---------------+-----------+-------+
[   10.022206] cloud-init[961]: ci-info: | Route | Destination | Gateway  |    Genmask    | Interface | Flags |
[   10.023413] cloud-init[961]: ci-info: +-------+-------------+----------+---------------+-----------+-------+
[   10.024678] cloud-init[961]: ci-info: |   0   |   0.0.0.0   | 10.0.2.2 |    0.0.0.0    |   enp0s3  |   UG  |
[   10.025926] cloud-init[961]: ci-info: |   1   |   10.0.2.0  | 0.0.0.0  | 255.255.255.0 |   enp0s3  |   U   |
[   10.027010] cloud-init[961]: ci-info: +-------+-------------+----------+---------------+-----------+-------+
[   10.028290] cloud-init[961]: ci-info: +++++++++++++++++++Route IPv6 info+++++++++++++++++++
[   10.029371] cloud-init[961]: ci-info: +-------+-------------+---------+-----------+-------+
[   10.030359] cloud-init[961]: ci-info: | Route | Destination | Gateway | Interface | Flags |
[   10.033051] cloud-init[961]: ci-info: +-------+-------------+---------+-----------+-------+
[   10.040895] cloud-init[961]: ci-info: |   0   |  fe80::/64  |    ::   |   enp0s3  |   U   |
[   10.042064] cloud-init[961]: ci-info: |   3   |   ff00::/8  |    ::   |   enp0s3  |   U   |
[   10.048836] cloud-init[961]: ci-info: +-------+-------------+---------+-----------+-------+
[   10.050361] cloud-init[961]: Generating public/private rsa key pair.
[   10.056563] cloud-init[961]: Your identification has been saved in /etc/ssh/ssh_host_rsa_key.
[   10.058006] cloud-init[961]: Your public key has been saved in /etc/ssh/ssh_host_rsa_key.pub.
[   10.064827] cloud-init[961]: The key fingerprint is:
[   10.065696] cloud-init[961]: SHA256:mfYZmrNiyBmxuatuif8MYeNoTrk+pCU5EcTG1ClBSJ8 root@ubuntu-xenial
[   10.066713] cloud-init[961]: The key's randomart image is:
[   10.067511] cloud-init[961]: +---[RSA 2048]----+
[   10.068339] cloud-init[961]: |O*o .            |
[   10.069084] cloud-init[961]: |o=.o.            |
[   10.069787] cloud-init[961]: |...E             |
[   10.070545] cloud-init[961]: |.   .    o       |
[   10.071256] cloud-init[961]: | o+  +  S .      |
[   10.072059] cloud-init[961]: |+=oo+  . + o     |
[   10.081164] cloud-init[961]: |+Ooo =  + o      |
[   10.082072] cloud-init[961]: |*.+o= o  o       |
[   10.082858] cloud-init[961]: |.B=o+o ..        |
[   10.083625] cloud-init[961]: +----[SHA256]-----+
[   10.084393] cloud-init[961]: Generating public/private dsa key pair.
[[0;32m  OK  [0m] Started Initial cloud-init job (metadata service crawler).
[[0;32m  OK  [0m] Reached target Network is Online.
[   10.096085] cloud-init[961]: Your identification has been saved in /etc/ssh/ssh_host_dsa_key.
[   10.104684] cloud-init[961]: Your public key has been saved in /etc/ssh/ssh_host_dsa_key.pub.
[   10.105959] cloud-init[961]: The key fingerprint is:
[   10.106662] cloud-init[961]: SHA256:9g4YcKdYhkoj7OfNaWFE9imFYbDZ/nGc515y86+xumw root@ubuntu-xenial
         Starting iSCSI initiator daemon (iscsid)...
[[0;32m  OK  [0m] Reached target System Initialization.
[[0;32m  OK  [0m] Started Message of the Day.
[   10.112548] cloud-init[961]: The key's randomart image is:
[[0;32m  OK  [0m] Started ACPI Events Check.
[[0;32m  OK  [0m] Reached target Paths.
[[0;32m  OK  [0m] Listening on UUID daemon activation socket.
[   10.117640] cloud-init[961]: +---[DSA 1024]----+
[   10.120396] cloud-init[961]: |   ..=o.         |
[   10.121180] cloud-init[961]: |.   Boo .        |
         Starting LXD - unix socket.
[[0;32m  OK  [0m] Started Daily Cleanup of Temporary Directories.
[[0;32m  OK  [0m] Started Daily apt download activities.
[[0;32m  OK  [0m] Started Daily apt upgrade and clean activities.
[   10.131949] cloud-init[961]: |..ooo++o.        |
[   10.150392] cloud-init[961]: |.o oo*.o. .      |
[[0;32m  OK  [0m] Listening on D-Bus System Message Bus Socket.[   10.152323] cloud-init[961]: | ....+o.S+ .     |
[   10.152993] cloud-init[961]: |  o + ++o.o      |
[   10.153899] cloud-init[961]: |   . =... .o +.  |
[[0;32m  OK  [0m] Reached target Timers.
         
Starting Socket activation for snappy daemon.[   10.158361] cloud-init[961]: |    .    o..E oo |
[   10.158903] cloud-init[961]: |          .o+oooo|
[   10.159246] cloud-init[961]: +----[SHA256]-----+
[   10.159624] cloud-init[961]: Generating public/private ecdsa key pair.
[   10.160246] cloud-init[961]: Your identification has been saved in /etc/ssh/ssh_host_ecdsa_key.
[   10.163176] cloud-init[961]: Your public key has been saved in /etc/ssh/ssh_host_ecdsa_key.pub.
[   10.163231] cloud-init[961]: The key fingerprint is:
[   10.163295] cloud-init[961]: SHA256:k/HdwVm72a1S4SQjL8CUJ0UdNZ0lUZNca5TFllt4KM0 root@ubuntu-xenial
[   10.163435] cloud-init[961]: The key's randomart image is:
[   10.163565] cloud-init[961]: +---[ECDSA 256]---+
[   10.163633] cloud-init[961]: |        .+o..=*X#|
[   10.163720] cloud-init[961]: |       oo . o.E@X|
[   10.163799] cloud-init[961]: |        +o. o.**o|
[   10.163872] cloud-init[961]: |         = + *.+=|
[   10.163942] cloud-init[961]: |        S o o +oo|
[   10.164057] cloud-init[961]: |         . . . . |
[   10.164450] cloud-init[961]: |            . .  |
[   10.164523] cloud-init[961]: |             .   |
[   10.164638] cloud-init[961]: |                 |
[   10.164710] cloud-init[961]: +----[SHA256]-----+
[   10.164780] cloud-init[961]: Generating public/private ed25519 key pair.
[   10.164866] cloud-init[961]: Your identification has been saved in /etc/ssh/ssh_host_ed25519_key.
[   10.164950] cloud-init[961]: Your public key has been saved in /etc/ssh/ssh_host_ed25519_key.pub.

[   10.165020] cloud-init[961]: The key fingerprint is:
[[   10.170608] cloud-init[961]: SHA256:mu3N+1j+iSQDTK3BErsVLD4aI3Eft6EPNOcRDrm75gc root@ubuntu-xenial
[0;32m  OK  [0m] Listening on ACPID Listen Socket.
[   10.173313] cloud-init[961]: The key's randomart image is:
[[0;32m  OK  [0m] Reached target Cloud-config availability.
[   10.174895] cloud-init[961]: +--[ED25519 256]--+
[   10.176890] cloud-init[961]: |      ooo.       |
[   10.177603] cloud-init[961]: |  . . ***o       |
[   10.178319] cloud-init[961]: |   o +oX*+.      |
[   10.179152] cloud-init[961]: |  . o B*oo       |
[   10.179956] cloud-init[961]: |   . +.=S        |
[   10.180721] cloud-init[961]: |    . E+..       |
[   10.181462] cloud-init[961]: |      oo. o o    |
[   10.189054] cloud-init[961]: |      o..o B . . |
[   10.189368] cloud-init[961]: |     o... =o+.o  |
[   10.189687] cloud-init[961]: +----[SHA256]-----+
[[0;32m  OK  [0m] Listening on LXD - unix socket.
[[0;32m  OK  [0m] Listening on Socket activation for snappy daemon.
[[0;32m  OK  [0m] Reached target Sockets.
[[0;32m  OK  [0m] Reached target Basic System.
         Starting Login Service...
         Starting Pollinate to seed the pseudo random number generator...
         Starting Snappy daemon...
         Starting LSB: Record successful boot for GRUB...
         Starting Virtualbox guest utils...
[[0;32m  OK  [0m] Started Deferred execution scheduler.
[[0;32m  OK  [0m] Started ACPI event daemon.
         Starting LXD - container startup/shutdown...
         Starting Accounts Service...
         Starting /etc/rc.local Compatibility...
[[0;32m  OK  [0m] Started Regular background program processing daemon.
[[0;32m  OK  [0m] Started D-Bus System Message Bus.
[[0;32m  OK  [0m] Started FUSE filesystem for LXC.
         Starting LSB: MD monitoring daemon...
         Starting System Logging Service...
[[0;32m  OK  [0m] Started iSCSI initiator daemon (iscsid).
[[0;32m  OK  [0m] Started /etc/rc.local Compatibility.
[[0;32m  OK  [0m] Started Login Service.
[[0;32m  OK  [0m] Started Unattended Upgrades Shutdown.
         Starting Authenticate and Authorize Users to Run Privileged Tasks...
         Starting Login to default iSCSI targets...
[[0;32m  OK  [0m] Started System Logging Service.
[[0;32m  OK  [0m] Started LSB: Record successful boot for GRUB.
[[0;32m  OK  [0m] Started LSB: MD monitoring daemon.
[[0;32m  OK  [0m] Started Login to default iSCSI targets.
[[0;32m  OK  [0m] Reached target Remote File Systems (Pre).
[[0;32m  OK  [0m] Reached target Remote File Systems.
         Starting Permit User Sessions...
         Starting LSB: automatic crash report generation...
         Starting LSB: daemon to balance interrupts for SMP systems...
         Starting LSB: Set the CPU Frequency Scaling governor to "ondemand"...
[[0;32m  OK  [0m] Started Permit User Sessions.
         Starting Hold until boot process finishes up...
         Starting Terminate Plymouth Boot Screen...
[[0;32m  OK  [0m] Started Hold until boot process finishes up.
         Starting Set console scheme...
[[0;32m  OK  [0m] Started Serial Getty on ttyS0.
[[0;32m  OK  [0m] Started Getty on tty1.
[[0;32m  OK  [0m] Reached target Login Prompts.
[[0;32m  OK  [0m] Started Virtualbox guest utils.
[[0;32m  OK  [0m] Started Terminate Plymouth Boot Screen.
[[0;32m  OK  [0m] Started Set console scheme.
[[0;32m  OK  [0m] Started Authenticate and Authorize Users to Run Privileged Tasks.
[[0;32m  OK  [0m] Started Accounts Service.
[[0;32m  OK  [0m] Started LSB: Set the CPU Frequency Scaling governor to "ondemand".
[[0;32m  OK  [0m] Started LXD - container startup/shutdown.
[[0;32m  OK  [0m] Started LSB: daemon to balance interrupts for SMP systems.
[[0;32m  OK  [0m] Started LSB: automatic crash report generation.
[[0;32m  OK  [0m] Started Snappy daemon.
         Starting Wait until snapd is fully seeded...
[[0;32m  OK  [0m] Started Pollinate to seed the pseudo random number generator.
         Starting OpenBSD Secure Shell server...
[[0;32m  OK  [0m] Started OpenBSD Secure Shell server.
[[0;32m  OK  [0m] Started Wait until snapd is fully seeded.
[[0;32m  OK  [0m] Reached target Multi-User System.
[[0;32m  OK  [0m] Reached target Graphical Interface.
         Starting Update UTMP about System Runlevel Changes...
         Starting Apply the settings specified in cloud-config...
[[0;32m  OK  [0m] Started Update UTMP about System Runlevel Changes.
[[0;32m  OK  [0m] Created slice User Slice of vagrant.
         Starting User Manager for UID 1000...
[[0;32m  OK  [0m] Started Session 1 of user vagrant.
[[0;32m  OK  [0m] Started User Manager for UID 1000.
[   12.423294] cloud-init[1317]: Generating locales (this might take a while)...
[   14.183423] cloud-init[1317]:   en_US.UTF-8... done
[   14.185542] cloud-init[1317]: Generation complete.
[   14.661187] cloud-init[1317]: Cloud-init v. 19.4-33-gbb4131a2-0ubuntu1~16.04.1 running 'modules:config' at Thu, 02 Jul 2020 15:48:21 +0000. Up 12.22 seconds.
[[0;32m  OK  [0m] Started Apply the settings specified in cloud-config.
         Starting Execute cloud user/final scripts...
ci-info: no authorized SSH keys fingerprints found for user ubuntu.
<14>Jul  2 15:48:25 ec2: 
<14>Jul  2 15:48:25 ec2: #############################################################
<14>Jul  2 15:48:25 ec2: -----BEGIN SSH HOST KEY FINGERPRINTS-----
<14>Jul  2 15:48:25 ec2: 1024 SHA256:9g4YcKdYhkoj7OfNaWFE9imFYbDZ/nGc515y86+xumw root@ubuntu-xenial (DSA)
<14>Jul  2 15:48:25 ec2: 256 SHA256:k/HdwVm72a1S4SQjL8CUJ0UdNZ0lUZNca5TFllt4KM0 root@ubuntu-xenial (ECDSA)
<14>Jul  2 15:48:25 ec2: 256 SHA256:mu3N+1j+iSQDTK3BErsVLD4aI3Eft6EPNOcRDrm75gc root@ubuntu-xenial (ED25519)
<14>Jul  2 15:48:25 ec2: 2048 SHA256:mfYZmrNiyBmxuatuif8MYeNoTrk+pCU5EcTG1ClBSJ8 root@ubuntu-xenial (RSA)
<14>Jul  2 15:48:25 ec2: -----END SSH HOST KEY FINGERPRINTS-----
<14>Jul  2 15:48:25 ec2: #############################################################
-----BEGIN SSH HOST KEY KEYS-----
ecdsa-sha2-nistp256 AAAAE2VjZHNhLXNoYTItbmlzdHAyNTYAAAAIbmlzdHAyNTYAAABBBEbGj4i5B2Soa4KIUFxez2Mi59KMiWkpmShZTYS0kvEVslj3uuzbkvhIj/nUqTVj8+R30Gy9ttJhvMkeIpHpTgI= root@ubuntu-xenial
ssh-ed25519 AAAAC3NzaC1lZDI1NTE5AAAAIK34IhknVTGakDtOl/EarkpAbin0nka8KAWnQIp0GVk3 root@ubuntu-xenial
ssh-rsa AAAAB3NzaC1yc2EAAAADAQABAAABAQDBYN9XwhpL91ne0Cbn6LrUbVn8kICqia3+cYMmdXoauEv/0QYopd4n+dtjoSUljFiW7rtYNdsDWlWjp5ednA3WuA46Btd8ptrCMsKqMjkV8x1+75B7BACPSWWFnLbdU6WzCjo2ofe/zrJdMRSS1gnDwC4DWBh96sz8zo0dWAnr7GvxLfsGGK7cwZG3rRCl1eAQy3xe6fhUctrU+YeMoGiArcyDfKCZDVscCeAL7EEPt+ZzVHHiEe5ZAFUy1EWIFTivQj/Qv/RqIylyIZDDWpxv4agzD5WgaZyRyzNxNvCfmLMYu1ZxBZfzxx/3ks04PksoqAAMR+BzyCycdD5cPo1v root@ubuntu-xenial
-----END SSH HOST KEY KEYS-----
[   15.442071] cloud-init[1514]: Cloud-init v. 19.4-33-gbb4131a2-0ubuntu1~16.04.1 running 'modules:final' at Thu, 02 Jul 2020 15:48:24 +0000. Up 15.20 seconds.
[   15.452998] cloud-init[1514]: ci-info: no authorized SSH keys fingerprints found for user ubuntu.
[   15.455595] cloud-init[1514]: Cloud-init v. 19.4-33-gbb4131a2-0ubuntu1~16.04.1 finished at Thu, 02 Jul 2020 15:48:25 +0000. Datasource DataSourceNoCloud [seed=/dev/sdb][dsmode=net].  Up 15.42 seconds

Ubuntu 16.04.6 LTS ubuntu-xenial ttyS0

ubuntu-xenial login: 